---
source: crates/twin-openai/tests/common/normalize.rs
---
{
  "status": 200,
  "content_type": "application/json",
  "body": {
    "id": "[id]",
    "object": "response",
    "model": "gpt-5-nano-2025-08-07",
    "status": "completed",
    "output": [
      {
        "id": "[id]",
        "type": "message",
        "role": "assistant",
        "content": [
          {
            "type": "output_text",
            "text": "[text]"
          }
        ]
      }
    ],
    "usage": {
      "input_tokens": "[int]",
      "output_tokens": "[int]",
      "total_tokens": "[int]"
    }
  }
}
