---
source: crates/twin-openai/tests/common/normalize.rs
---
[
  "body.background",
  "body.billing",
  "body.completed_at",
  "body.created_at",
  "body.error",
  "body.frequency_penalty",
  "body.incomplete_details",
  "body.instructions",
  "body.max_output_tokens",
  "body.max_tool_calls",
  "body.metadata",
  "body.moderation",
  "body.output.function_call.status",
  "body.output[type=reasoning]",
  "body.parallel_tool_calls",
  "body.presence_penalty",
  "body.previous_response_id",
  "body.prompt_cache_key",
  "body.prompt_cache_retention",
  "body.reasoning",
  "body.safety_identifier",
  "body.service_tier",
  "body.store",
  "body.temperature",
  "body.text",
  "body.tool_choice",
  "body.tool_usage",
  "body.tools",
  "body.top_logprobs",
  "body.top_p",
  "body.truncation",
  "body.usage.input_tokens_details",
  "body.usage.output_tokens_details",
  "body.user"
]
